// Jest Snapshot v1, https://goo.gl/fbAQLP

exports[`RecipeCard Should match the snapshot 1`] = `
ShallowWrapper {
  Symbol(enzyme.__root__): [Circular],
  Symbol(enzyme.__unrendered__): <RecipeCard
    recipe={
      Object {
        "category": "spaghetti",
        "image": "https://image.png",
        "ingredients": Array [
          "spaghetti",
          "meatballs",
        ],
        "name": "Spaghetti and meatballs",
      }
    }
    updateFavorites={[MockFunction]}
  />,
  Symbol(enzyme.__renderer__): Object {
    "batchedUpdates": [Function],
    "getNode": [Function],
    "render": [Function],
    "simulateError": [Function],
    "simulateEvent": [Function],
    "unmount": [Function],
  },
  Symbol(enzyme.__node__): Object {
    "instance": null,
    "key": undefined,
    "nodeType": "host",
    "props": Object {
      "children": Array [
        <div
          className="gradient"
        />,
        <div
          className="favorites-box"
        >
          <p
            className="recipe-name"
          >
            Spaghetti and meatballs
          </p>
          <i
            className="far fa-heart"
            onClick={[Function]}
          />
        </div>,
      ],
      "className": "recipe-card",
      "style": Object {
        "backgroundImage": "url(https://image.png)",
      },
    },
    "ref": null,
    "rendered": Array [
      Object {
        "instance": null,
        "key": undefined,
        "nodeType": "host",
        "props": Object {
          "className": "gradient",
        },
        "ref": null,
        "rendered": null,
        "type": "div",
      },
      Object {
        "instance": null,
        "key": undefined,
        "nodeType": "host",
        "props": Object {
          "children": Array [
            <p
              className="recipe-name"
            >
              Spaghetti and meatballs
            </p>,
            <i
              className="far fa-heart"
              onClick={[Function]}
            />,
          ],
          "className": "favorites-box",
        },
        "ref": null,
        "rendered": Array [
          Object {
            "instance": null,
            "key": undefined,
            "nodeType": "host",
            "props": Object {
              "children": "Spaghetti and meatballs",
              "className": "recipe-name",
            },
            "ref": null,
            "rendered": "Spaghetti and meatballs",
            "type": "p",
          },
          Object {
            "instance": null,
            "key": undefined,
            "nodeType": "host",
            "props": Object {
              "className": "far fa-heart",
              "onClick": [Function],
            },
            "ref": null,
            "rendered": null,
            "type": "i",
          },
        ],
        "type": "div",
      },
    ],
    "type": "div",
  },
  Symbol(enzyme.__nodes__): Array [
    Object {
      "instance": null,
      "key": undefined,
      "nodeType": "host",
      "props": Object {
        "children": Array [
          <div
            className="gradient"
          />,
          <div
            className="favorites-box"
          >
            <p
              className="recipe-name"
            >
              Spaghetti and meatballs
            </p>
            <i
              className="far fa-heart"
              onClick={[Function]}
            />
          </div>,
        ],
        "className": "recipe-card",
        "style": Object {
          "backgroundImage": "url(https://image.png)",
        },
      },
      "ref": null,
      "rendered": Array [
        Object {
          "instance": null,
          "key": undefined,
          "nodeType": "host",
          "props": Object {
            "className": "gradient",
          },
          "ref": null,
          "rendered": null,
          "type": "div",
        },
        Object {
          "instance": null,
          "key": undefined,
          "nodeType": "host",
          "props": Object {
            "children": Array [
              <p
                className="recipe-name"
              >
                Spaghetti and meatballs
              </p>,
              <i
                className="far fa-heart"
                onClick={[Function]}
              />,
            ],
            "className": "favorites-box",
          },
          "ref": null,
          "rendered": Array [
            Object {
              "instance": null,
              "key": undefined,
              "nodeType": "host",
              "props": Object {
                "children": "Spaghetti and meatballs",
                "className": "recipe-name",
              },
              "ref": null,
              "rendered": "Spaghetti and meatballs",
              "type": "p",
            },
            Object {
              "instance": null,
              "key": undefined,
              "nodeType": "host",
              "props": Object {
                "className": "far fa-heart",
                "onClick": [Function],
              },
              "ref": null,
              "rendered": null,
              "type": "i",
            },
          ],
          "type": "div",
        },
      ],
      "type": "div",
    },
  ],
  Symbol(enzyme.__options__): Object {
    "adapter": ReactSixteenAdapter {
      "options": Object {
        "enableComponentDidUpdateOnSetState": true,
        "lifecycles": Object {
          "componentDidUpdate": Object {
            "onSetState": true,
          },
          "getDerivedStateFromProps": true,
          "getSnapshotBeforeUpdate": true,
          "setState": Object {
            "skipsComponentDidUpdateOnNullish": true,
          },
        },
      },
    },
  },
}
`;
